// Jest Snapshot v1, https://goo.gl/fbAQLP

exports[`Play should match snapshot 1`] = `
<styled.button
  alt="Play"
>
  â–¶
</styled.button>
`;
